src/__tests__/bugfixes.test.ts(11,1): error TS2578: Unused '@ts-expect-error' directive.
src/__tests__/bugfixes.test.ts(15,1): error TS2578: Unused '@ts-expect-error' directive.
src/__tests__/bugfixes.test.ts(17,1): error TS2578: Unused '@ts-expect-error' directive.
src/__tests__/providerCounts.test.ts(5,1): error TS2578: Unused '@ts-expect-error' directive.
src/__tests__/providerCounts.test.ts(9,1): error TS2578: Unused '@ts-expect-error' directive.
src/__tests__/providerCounts.test.ts(11,1): error TS2578: Unused '@ts-expect-error' directive.
src/__tests__/security-hardening.test.ts(12,1): error TS2578: Unused '@ts-expect-error' directive.
src/__tests__/security-hardening.test.ts(16,1): error TS2578: Unused '@ts-expect-error' directive.
src/__tests__/security-hardening.test.ts(18,1): error TS2578: Unused '@ts-expect-error' directive.
src/agent-runs/AgentRunStore.test.ts(4,1): error TS2578: Unused '@ts-expect-error' directive.
src/agent-runs/harness.test.ts(1,1): error TS2578: Unused '@ts-expect-error' directive.
src/agent-runs/taskBridge.test.ts(1,1): error TS2578: Unused '@ts-expect-error' directive.
src/bridge/bridgeEnabled.ts(1,1): error TS2578: Unused '@ts-expect-error' directive.
src/bridge/bridgeMain.ts(1,1): error TS2578: Unused '@ts-expect-error' directive.
src/bridge/initReplBridge.ts(16,1): error TS2578: Unused '@ts-expect-error' directive.
src/bridge/remoteBridgeCore.ts(31,1): error TS2578: Unused '@ts-expect-error' directive.
src/bridge/sessionRunner.test.ts(1,1): error TS2578: Unused '@ts-expect-error' directive.
src/bridge/workSecret.test.ts(1,1): error TS2578: Unused '@ts-expect-error' directive.
src/buddy/companion.ts(28,3): error TS2578: Unused '@ts-expect-error' directive.
src/buddy/companion.ts(30,5): error TS2578: Unused '@ts-expect-error' directive.
src/channels/TelegramAdapter.test.ts(1,1): error TS2578: Unused '@ts-expect-error' directive.
src/cli/print.ts(2,1): error TS2578: Unused '@ts-expect-error' directive.
src/cli/print.ts(543,3): error TS2578: Unused '@ts-expect-error' directive.
src/cli/print.ts(545,5): error TS2578: Unused '@ts-expect-error' directive.
src/cli/structuredIO.ts(1,1): error TS2578: Unused '@ts-expect-error' directive.
src/cli/transports/WebSocketTransport.ts(159,5): error TS2578: Unused '@ts-expect-error' directive.
src/commands.test.ts(1,1): error TS2578: Unused '@ts-expect-error' directive.
src/commands.ts(77,1): error TS2578: Unused '@ts-expect-error' directive.
src/commands/branch/index.ts(1,1): error TS2578: Unused '@ts-expect-error' directive.
src/commands/bridge/bridge.tsx(2,1): error TS2578: Unused '@ts-expect-error' directive.
src/commands/bridge/index.ts(1,1): error TS2578: Unused '@ts-expect-error' directive.
src/commands/brief.ts(1,1): error TS2578: Unused '@ts-expect-error' directive.
src/commands/cacheStats/cacheStats.test.ts(8,1): error TS2578: Unused '@ts-expect-error' directive.
src/commands/clear/caches.ts(5,1): error TS2578: Unused '@ts-expect-error' directive.
src/commands/clear/conversation.ts(5,1): error TS2578: Unused '@ts-expect-error' directive.
src/commands/commit-message/commit-message.test.ts(1,1): error TS2578: Unused '@ts-expect-error' directive.
src/commands/compact/compact.ts(1,1): error TS2578: Unused '@ts-expect-error' directive.
src/commands/context/context-noninteractive.ts(1,1): error TS2578: Unused '@ts-expect-error' directive.
src/commands/context/context.tsx(1,1): error TS2578: Unused '@ts-expect-error' directive.
src/commands/exit/exit.tsx(1,1): error TS2578: Unused '@ts-expect-error' directive.
src/commands/init.test.ts(1,1): error TS2578: Unused '@ts-expect-error' directive.
src/commands/initMode.ts(1,1): error TS2578: Unused '@ts-expect-error' directive.
src/commands/knowledge/knowledge.test.ts(1,1): error TS2578: Unused '@ts-expect-error' directive.
src/commands/lmstudio-init/lmstudio-init-impl.test.ts(1,1): error TS2578: Unused '@ts-expect-error' directive.
src/commands/login/login.tsx(1,1): error TS2578: Unused '@ts-expect-error' directive.
src/commands/lsp/lsp.test.ts(1,1): error TS2578: Unused '@ts-expect-error' directive.
src/commands/mmx/mmx-impl.test.ts(1,1): error TS2578: Unused '@ts-expect-error' directive.
src/commands/model/model.test.tsx(1,1): error TS2578: Unused '@ts-expect-error' directive.
src/commands/onboard-github/onboard-github.test.ts(1,1): error TS2578: Unused '@ts-expect-error' directive.
src/commands/provider/provider.test.tsx(3,1): error TS2578: Unused '@ts-expect-error' directive.
src/commands/provider/provider.test.tsx(93,5): error TS2578: Unused '@ts-expect-error' directive.
src/commands/provider/provider.test.tsx(123,5): error TS2578: Unused '@ts-expect-error' directive.
src/commands/provider/provider.test.tsx(250,3): error TS2578: Unused '@ts-expect-error' directive.
src/commands/provider/provider.test.tsx(253,3): error TS2578: Unused '@ts-expect-error' directive.
src/commands/provider/provider.test.tsx(270,3): error TS2578: Unused '@ts-expect-error' directive.
src/commands/provider/provider.test.tsx(275,3): error TS2578: Unused '@ts-expect-error' directive.
src/commands/reload-plugins/reload-plugins.ts(1,1): error TS2578: Unused '@ts-expect-error' directive.
src/commands/repomap/repomap.test.ts(1,1): error TS2578: Unused '@ts-expect-error' directive.
src/commands/tui/tui.test.ts(1,1): error TS2578: Unused '@ts-expect-error' directive.
src/commands/usage/index.test.ts(1,1): error TS2578: Unused '@ts-expect-error' directive.
src/components/AutoUpdaterWrapper.tsx(2,1): error TS2578: Unused '@ts-expect-error' directive.
src/components/ConsoleOAuthFlow.test.tsx(3,1): error TS2578: Unused '@ts-expect-error' directive.
src/components/ConsoleOAuthFlow.test.tsx(91,3): error TS2578: Unused '@ts-expect-error' directive.
src/components/ConsoleOAuthFlow.test.tsx(96,3): error TS2578: Unused '@ts-expect-error' directive.
src/components/ContextVisualization.tsx(2,1): error TS2578: Unused '@ts-expect-error' directive.
src/components/CostThresholdDialog.test.ts(1,1): error TS2578: Unused '@ts-expect-error' directive.
src/components/design-system/ThemeProvider.test.tsx(21,1): error TS2578: Unused '@ts-expect-error' directive.
src/components/design-system/ThemeProvider.test.tsx(85,5): error TS2578: Unused '@ts-expect-error' directive.
src/components/design-system/ThemeProvider.test.tsx(165,5): error TS2578: Unused '@ts-expect-error' directive.
src/components/design-system/ThemeProvider.test.tsx(218,5): error TS2578: Unused '@ts-expect-error' directive.
src/components/design-system/ThemeProvider.tsx(1,1): error TS2578: Unused '@ts-expect-error' directive.
src/components/Feedback.test.ts(1,1): error TS2578: Unused '@ts-expect-error' directive.
src/components/LogoV2/LogoV2.tsx(29,1): error TS2578: Unused '@ts-expect-error' directive.
src/components/LogoV2/VoiceModeNotice.tsx(2,1): error TS2578: Unused '@ts-expect-error' directive.
src/components/memory/MemoryFileSelector.tsx(2,1): error TS2578: Unused '@ts-expect-error' directive.
src/components/memory/memoryFileSelectorPaths.test.ts(1,1): error TS2578: Unused '@ts-expect-error' directive.
src/components/Message.tsx(2,1): error TS2578: Unused '@ts-expect-error' directive.
src/components/Messages.tsx(2,1): error TS2578: Unused '@ts-expect-error' directive.
src/components/Messages.tsx(683,73): error TS2322: Type '{ agentDefinitions: AgentDefinitionsResult | undefined; }' is not assignable to type 'IntrinsicAttributes & object'.
  Property 'agentDefinitions' does not exist on type 'IntrinsicAttributes & object'.
src/components/messages/AttachmentMessage.tsx(29,1): error TS2578: Unused '@ts-expect-error' directive.
src/components/messages/CollapsedReadSearchContent.tsx(2,1): error TS2578: Unused '@ts-expect-error' directive.
src/components/messages/SystemTextMessage.tsx(4,1): error TS2578: Unused '@ts-expect-error' directive.
src/components/messages/UserPromptMessage.tsx(1,1): error TS2578: Unused '@ts-expect-error' directive.
src/components/messages/UserTextMessage.tsx(2,1): error TS2578: Unused '@ts-expect-error' directive.
src/components/messages/UserToolResultMessage/UserToolErrorMessage.tsx(2,1): error TS2578: Unused '@ts-expect-error' directive.
src/components/messages/UserToolResultMessage/UserToolSuccessMessage.tsx(1,1): error TS2578: Unused '@ts-expect-error' directive.
src/components/permissions/BashPermissionRequest/BashPermissionRequest.tsx(2,1): error TS2578: Unused '@ts-expect-error' directive.
src/components/permissions/ExitPlanModePermissionRequest/ExitPlanModePermissionRequest.tsx(1,1): error TS2578: Unused '@ts-expect-error' directive.
src/components/permissions/hooks.ts(1,1): error TS2578: Unused '@ts-expect-error' directive.
src/components/permissions/PermissionDecisionDebugInfo.tsx(2,1): error TS2578: Unused '@ts-expect-error' directive.
src/components/permissions/PermissionRequest.tsx(2,1): error TS2578: Unused '@ts-expect-error' directive.
src/components/permissions/PermissionRuleExplanation.tsx(2,1): error TS2578: Unused '@ts-expect-error' directive.
src/components/PromptInput/inputModes.test.ts(1,1): error TS2578: Unused '@ts-expect-error' directive.
src/components/PromptInput/Notifications.tsx(2,1): error TS2578: Unused '@ts-expect-error' directive.
src/components/PromptInput/PromptInput.tsx(1,1): error TS2578: Unused '@ts-expect-error' directive.
src/components/PromptInput/PromptInputFooter.tsx(1,1): error TS2578: Unused '@ts-expect-error' directive.
src/components/PromptInput/PromptInputFooterLeftSide.tsx(3,1): error TS2578: Unused '@ts-expect-error' directive.
src/components/PromptInput/PromptInputFooterSuggestions.test.tsx(2,1): error TS2578: Unused '@ts-expect-error' directive.
src/components/PromptInput/PromptInputHelpMenu.tsx(2,1): error TS2578: Unused '@ts-expect-error' directive.
src/components/PromptInput/PromptInputQueuedCommands.test.tsx(2,1): error TS2578: Unused '@ts-expect-error' directive.
src/components/PromptInput/PromptInputQueuedCommands.tsx(1,1): error TS2578: Unused '@ts-expect-error' directive.
src/components/PromptInput/usePromptInputPlaceholder.ts(1,1): error TS2578: Unused '@ts-expect-error' directive.
src/components/PromptInput/VoiceIndicator.tsx(2,1): error TS2578: Unused '@ts-expect-error' directive.
src/components/ProviderManager.test.tsx(3,1): error TS2578: Unused '@ts-expect-error' directive.
src/components/ProviderManager.test.tsx(95,5): error TS2578: Unused '@ts-expect-error' directive.
src/components/ProviderManager.test.tsx(144,5): error TS2578: Unused '@ts-expect-error' directive.
src/components/ProviderManager.test.tsx(443,7): error TS2578: Unused '@ts-expect-error' directive.
src/components/ProviderManager.test.tsx(697,5): error TS2578: Unused '@ts-expect-error' directive.
src/components/ProviderManager.test.tsx(762,5): error TS2578: Unused '@ts-expect-error' directive.
src/components/ProviderManager.test.tsx(765,5): error TS2578: Unused '@ts-expect-error' directive.
src/components/ProviderManager.test.tsx(774,5): error TS2578: Unused '@ts-expect-error' directive.
src/components/ProviderManager.test.tsx(840,5): error TS2578: Unused '@ts-expect-error' directive.
src/components/ProviderManager.test.tsx(843,5): error TS2578: Unused '@ts-expect-error' directive.
src/components/ProviderManager.test.tsx(852,5): error TS2578: Unused '@ts-expect-error' directive.
src/components/ProviderManager.test.tsx(958,3): error TS2578: Unused '@ts-expect-error' directive.
src/components/ProviderManager.test.tsx(1082,3): error TS2578: Unused '@ts-expect-error' directive.
src/components/ProviderManager.test.tsx(1413,3): error TS2578: Unused '@ts-expect-error' directive.
src/components/ProviderManager.test.tsx(1422,3): error TS2578: Unused '@ts-expect-error' directive.
src/components/ProviderManager.test.tsx(1430,3): error TS2578: Unused '@ts-expect-error' directive.
src/components/ProviderManager.test.tsx(1486,3): error TS2578: Unused '@ts-expect-error' directive.
src/components/ProviderManager.test.tsx(1497,3): error TS2578: Unused '@ts-expect-error' directive.
src/components/ProviderManager.test.tsx(1571,3): error TS2578: Unused '@ts-expect-error' directive.
src/components/ProviderManager.test.tsx(1574,3): error TS2578: Unused '@ts-expect-error' directive.
src/components/ProviderManager.test.tsx(1585,3): error TS2578: Unused '@ts-expect-error' directive.
src/components/ProviderManager.test.tsx(1706,3): error TS2578: Unused '@ts-expect-error' directive.
src/components/Settings/Config.tsx(3,1): error TS2578: Unused '@ts-expect-error' directive.
src/components/Spinner.tsx(7,1): error TS2578: Unused '@ts-expect-error' directive.
src/components/StartupScreen.test.ts(1,1): error TS2578: Unused '@ts-expect-error' directive.
src/components/Stats.tsx(2,1): error TS2578: Unused '@ts-expect-error' directive.
src/components/StatusLine.tsx(1,1): error TS2578: Unused '@ts-expect-error' directive.
src/components/StructuredDiffList.tsx(26,25): error TS2322: Type '{ patch: StructuredPatchHunk; dim: boolean; width: number; filePath: string; firstLine: string | null; fileContent: string | undefined; }' is not assignable to type 'IntrinsicAttributes & object'.
  Property 'patch' does not exist on type 'IntrinsicAttributes & object'.
src/components/tasks/BackgroundTasksDialog.tsx(2,1): error TS2578: Unused '@ts-expect-error' directive.
src/components/TextInput.test.tsx(3,1): error TS2578: Unused '@ts-expect-error' directive.
src/components/TextInput.test.tsx(187,3): error TS2578: Unused '@ts-expect-error' directive.
src/components/TextInput.test.tsx(190,3): error TS2578: Unused '@ts-expect-error' directive.
src/components/TextInput.test.tsx(193,3): error TS2578: Unused '@ts-expect-error' directive.
src/components/TextInput.test.tsx(201,3): error TS2578: Unused '@ts-expect-error' directive.
src/components/TextInput.test.tsx(225,3): error TS2578: Unused '@ts-expect-error' directive.
src/components/TextInput.test.tsx(228,3): error TS2578: Unused '@ts-expect-error' directive.
src/components/TextInput.test.tsx(231,3): error TS2578: Unused '@ts-expect-error' directive.
src/components/TextInput.test.tsx(234,3): error TS2578: Unused '@ts-expect-error' directive.
src/components/TextInput.test.tsx(237,3): error TS2578: Unused '@ts-expect-error' directive.
src/components/TextInput.test.tsx(245,3): error TS2578: Unused '@ts-expect-error' directive.
src/components/TextInput.tsx(1,1): error TS2578: Unused '@ts-expect-error' directive.
src/components/ThemePicker.test.tsx(3,1): error TS2578: Unused '@ts-expect-error' directive.
src/components/ThemePicker.test.tsx(99,5): error TS2578: Unused '@ts-expect-error' directive.
src/components/ThemePicker.test.tsx(161,5): error TS2578: Unused '@ts-expect-error' directive.
src/components/ThemePicker.tsx(1,1): error TS2578: Unused '@ts-expect-error' directive.
src/components/TokenWarning.tsx(2,1): error TS2578: Unused '@ts-expect-error' directive.
src/components/useCodexOAuthFlow.test.tsx(3,1): error TS2578: Unused '@ts-expect-error' directive.
src/components/useCodexOAuthFlow.test.tsx(59,5): error TS2578: Unused '@ts-expect-error' directive.
src/components/useCodexOAuthFlow.test.tsx(145,5): error TS2578: Unused '@ts-expect-error' directive.
src/components/useCodexOAuthFlow.test.tsx(147,5): error TS2578: Unused '@ts-expect-error' directive.
src/components/useCodexOAuthFlow.test.tsx(155,5): error TS2578: Unused '@ts-expect-error' directive.
src/components/useCodexOAuthFlow.test.tsx(223,5): error TS2578: Unused '@ts-expect-error' directive.
src/constants/betas.ts(1,1): error TS2578: Unused '@ts-expect-error' directive.
src/constants/promptIdentity.test.ts(1,1): error TS2578: Unused '@ts-expect-error' directive.
src/constants/prompts.ts(48,1): error TS2578: Unused '@ts-expect-error' directive.
src/constants/system.ts(3,1): error TS2578: Unused '@ts-expect-error' directive.
src/constants/tools.ts(2,1): error TS2578: Unused '@ts-expect-error' directive.
src/context.repoMap.test.ts(1,1): error TS2578: Unused '@ts-expect-error' directive.
src/context.ts(1,1): error TS2578: Unused '@ts-expect-error' directive.
src/context/repoMap/repoMap.test.ts(1,1): error TS2578: Unused '@ts-expect-error' directive.
src/context/repoMap/repoMap.test.ts(12,1): error TS2578: Unused '@ts-expect-error' directive.
src/coordinator/coordinatorMode.ts(1,1): error TS2578: Unused '@ts-expect-error' directive.
src/cost-tracker.cacheIntegration.test.ts(17,1): error TS2578: Unused '@ts-expect-error' directive.
src/entrypoints/cli.tsx(1,1): error TS2578: Unused '@ts-expect-error' directive.
src/entrypoints/cli.tsx(23,5): error TS2578: Unused '@ts-expect-error' directive.
src/entrypoints/cli.tsx(24,5): error TS2578: Unused '@ts-expect-error' directive.
src/entrypoints/mcp.test.ts(1,1): error TS2578: Unused '@ts-expect-error' directive.
src/entrypoints/startupScreenGate.test.ts(1,1): error TS2578: Unused '@ts-expect-error' directive.
src/hooks/notifs/useAutoModeUnavailableNotification.ts(1,1): error TS2578: Unused '@ts-expect-error' directive.
src/hooks/toolPermission/handlers/coordinatorHandler.ts(1,1): error TS2578: Unused '@ts-expect-error' directive.
src/hooks/toolPermission/handlers/interactiveHandler.ts(1,1): error TS2578: Unused '@ts-expect-error' directive.
src/hooks/toolPermission/handlers/swarmWorkerHandler.ts(1,1): error TS2578: Unused '@ts-expect-error' directive.
src/hooks/toolPermission/PermissionContext.ts(1,1): error TS2578: Unused '@ts-expect-error' directive.
src/hooks/toolPermission/permissionLogging.ts(4,1): error TS2578: Unused '@ts-expect-error' directive.
src/hooks/useApiKeyVerification.test.tsx(3,1): error TS2578: Unused '@ts-expect-error' directive.
src/hooks/useApiKeyVerification.test.tsx(51,5): error TS2578: Unused '@ts-expect-error' directive.
src/hooks/useApiKeyVerification.test.tsx(87,3): error TS2578: Unused '@ts-expect-error' directive.
src/hooks/useApiKeyVerification.test.tsx(88,3): error TS2578: Unused '@ts-expect-error' directive.
src/hooks/useApiKeyVerification.test.tsx(123,3): error TS2578: Unused '@ts-expect-error' directive.
src/hooks/useAwaySummary.ts(1,1): error TS2578: Unused '@ts-expect-error' directive.
src/hooks/useCanUseTool.tsx(2,1): error TS2578: Unused '@ts-expect-error' directive.
src/hooks/useGlobalKeybindings.tsx(7,1): error TS2578: Unused '@ts-expect-error' directive.
src/hooks/useHistorySearch.ts(1,1): error TS2578: Unused '@ts-expect-error' directive.
src/hooks/usePasteHandler.test.ts(1,1): error TS2578: Unused '@ts-expect-error' directive.
src/hooks/useReplBridge.tsx(1,1): error TS2578: Unused '@ts-expect-error' directive.
src/hooks/useVoiceIntegration.tsx(1,1): error TS2578: Unused '@ts-expect-error' directive.
src/ink/components/ScrollBox.tsx(236,5): error TS2339: Property 'ink-box' does not exist on type 'JSX.IntrinsicElements'.
src/ink/ink.tsx(273,5): error TS2578: Unused '@ts-expect-error' directive.
src/ink/ink.tsx(274,5): error TS2578: Unused '@ts-expect-error' directive.
src/ink/ink.tsx(821,5): error TS2578: Unused '@ts-expect-error' directive.
src/ink/ink.tsx(822,5): error TS2578: Unused '@ts-expect-error' directive.
src/ink/ink.tsx(1481,5): error TS2578: Unused '@ts-expect-error' directive.
src/ink/ink.tsx(1482,5): error TS2578: Unused '@ts-expect-error' directive.
src/ink/ink.tsx(1484,5): error TS2578: Unused '@ts-expect-error' directive.
src/ink/ink.tsx(1485,5): error TS2578: Unused '@ts-expect-error' directive.
src/ink/ink.tsx(1551,5): error TS2578: Unused '@ts-expect-error' directive.
src/ink/ink.tsx(1552,5): error TS2578: Unused '@ts-expect-error' directive.
src/ink/ink.tsx(1554,5): error TS2578: Unused '@ts-expect-error' directive.
src/ink/ink.tsx(1555,5): error TS2578: Unused '@ts-expect-error' directive.
src/ink/log-update.test.ts(1,1): error TS2578: Unused '@ts-expect-error' directive.
src/ink/parse-keypress.test.ts(1,1): error TS2578: Unused '@ts-expect-error' directive.
src/ink/reconciler.test.ts(3,1): error TS2578: Unused '@ts-expect-error' directive.
src/ink/reconciler.test.ts(58,5): error TS2578: Unused '@ts-expect-error' directive.
src/ink/reconciler.test.ts(148,7): error TS2578: Unused '@ts-expect-error' directive.
src/ink/reconciler.test.ts(173,5): error TS2578: Unused '@ts-expect-error' directive.
src/ink/reconciler.test.ts(192,5): error TS2578: Unused '@ts-expect-error' directive.
src/ink/reconciler.test.ts(240,5): error TS2578: Unused '@ts-expect-error' directive.
src/ink/reconciler.test.ts(257,5): error TS2578: Unused '@ts-expect-error' directive.
src/ink/reconciler.test.ts(286,5): error TS2578: Unused '@ts-expect-error' directive.
src/ink/reconciler.test.ts(304,5): error TS2578: Unused '@ts-expect-error' directive.
src/ink/reconciler.test.ts(326,5): error TS2578: Unused '@ts-expect-error' directive.
src/ink/reconciler.test.ts(348,5): error TS2578: Unused '@ts-expect-error' directive.
src/ink/reconciler.test.ts(365,5): error TS2578: Unused '@ts-expect-error' directive.
src/ink/render-to-screen.ts(69,5): error TS2578: Unused '@ts-expect-error' directive.
src/ink/render-to-screen.ts(70,5): error TS2578: Unused '@ts-expect-error' directive.
src/ink/render-to-screen.ts(86,3): error TS2578: Unused '@ts-expect-error' directive.
src/ink/render-to-screen.ts(87,3): error TS2578: Unused '@ts-expect-error' directive.
src/ink/render-to-screen.ts(89,3): error TS2578: Unused '@ts-expect-error' directive.
src/ink/render-to-screen.ts(90,3): error TS2578: Unused '@ts-expect-error' directive.
src/ink/render-to-screen.ts(123,3): error TS2578: Unused '@ts-expect-error' directive.
src/ink/render-to-screen.ts(124,3): error TS2578: Unused '@ts-expect-error' directive.
src/ink/render-to-screen.ts(126,3): error TS2578: Unused '@ts-expect-error' directive.
src/ink/render-to-screen.ts(127,3): error TS2578: Unused '@ts-expect-error' directive.
src/ink/stringWidth.ts(214,3): error TS2578: Unused '@ts-expect-error' directive.
src/ink/stringWidth.ts(216,5): error TS2578: Unused '@ts-expect-error' directive.
src/ink/termio/osc.test.ts(1,1): error TS2578: Unused '@ts-expect-error' directive.
src/ink/termio/osc.test.ts(39,56): error TS2493: Tuple type '[]' of length '0' has no element at index '0'.
src/ink/termio/osc.test.ts(71,50): error TS2493: Tuple type '[]' of length '0' has no element at index '0'.
src/ink/termio/osc.test.ts(85,26): error TS2493: Tuple type '[]' of length '0' has no element at index '2'.
src/ink/termio/osc.test.ts(88,26): error TS2493: Tuple type '[]' of length '0' has no element at index '2'.
src/ink/termio/osc.test.ts(89,26): error TS2493: Tuple type '[]' of length '0' has no element at index '2'.
src/ink/termio/osc.test.ts(94,26): error TS2493: Tuple type '[]' of length '0' has no element at index '1'.
src/ink/termio/osc.test.ts(95,7): error TS2769: No overload matches this call.
  Overload 1 of 2, '(expected: undefined): void', gave the following error.
    Argument of type 'string' is not assignable to parameter of type 'undefined'.
  Overload 2 of 2, '(expected: undefined): void', gave the following error.
    Argument of type 'string' is not assignable to parameter of type 'undefined'.
src/ink/termio/osc.test.ts(136,50): error TS2493: Tuple type '[]' of length '0' has no element at index '0'.
src/ink/termio/osc.test.ts(147,50): error TS2493: Tuple type '[]' of length '0' has no element at index '0'.
src/ink/wrapAnsi.ts(10,3): error TS2578: Unused '@ts-expect-error' directive.
src/ink/wrapAnsi.ts(12,5): error TS2578: Unused '@ts-expect-error' directive.
src/integrations/artifactGenerator.test.ts(5,1): error TS2578: Unused '@ts-expect-error' directive.
src/integrations/artifactGenerator.ts(419,3): error TS2578: Unused '@ts-expect-error' directive.
src/integrations/artifactGenerator.ts(437,3): error TS2578: Unused '@ts-expect-error' directive.
src/integrations/compatibility.test.ts(1,1): error TS2578: Unused '@ts-expect-error' directive.
src/integrations/discoveryCache.test.ts(1,1): error TS2578: Unused '@ts-expect-error' directive.
src/integrations/discoveryCache.test.ts(219,9): error TS2578: Unused '@ts-expect-error' directive.
src/integrations/discoveryService.test.ts(1,1): error TS2578: Unused '@ts-expect-error' directive.
src/integrations/index.test.ts(4,1): error TS2578: Unused '@ts-expect-error' directive.
src/integrations/registry.test.ts(3,1): error TS2578: Unused '@ts-expect-error' directive.
src/integrations/routeMetadata.test.ts(1,1): error TS2578: Unused '@ts-expect-error' directive.
src/interactiveHelpers.tsx(1,1): error TS2578: Unused '@ts-expect-error' directive.
src/keybindings/defaultBindings.ts(1,1): error TS2578: Unused '@ts-expect-error' directive.
src/keybindings/defaultBindings.ts(25,5): error TS2578: Unused '@ts-expect-error' directive.
src/main.tsx(21,1): error TS2578: Unused '@ts-expect-error' directive.
src/main.tsx(1571,9): error TS2578: Unused '@ts-expect-error' directive.
src/memdir/findRelevantMemories.ts(1,1): error TS2578: Unused '@ts-expect-error' directive.
src/memdir/memdir.ts(1,1): error TS2578: Unused '@ts-expect-error' directive.
src/memdir/memoryScan.test.ts(1,1): error TS2578: Unused '@ts-expect-error' directive.
src/migrations/resetAutoModeOptInForDefaultOffer.ts(1,1): error TS2578: Unused '@ts-expect-error' directive.
src/orchestrator/hybrid/hybrid-orchestrator.test.ts(1,1): error TS2578: Unused '@ts-expect-error' directive.
src/plugins/bundled/karpathyGuidelines.test.ts(1,1): error TS2578: Unused '@ts-expect-error' directive.
src/projectOnboardingState.test.ts(1,1): error TS2578: Unused '@ts-expect-error' directive.
src/query.ts(106,1): error TS2578: Unused '@ts-expect-error' directive.
src/query/stopHooks.ts(1,1): error TS2578: Unused '@ts-expect-error' directive.
src/QueryEngine.ts(1,1): error TS2578: Unused '@ts-expect-error' directive.
src/remote/SessionsWebSocket.ts(120,5): error TS2578: Unused '@ts-expect-error' directive.
src/screens/REPL.tsx(3,1): error TS2578: Unused '@ts-expect-error' directive.
src/screens/REPL.tsx(4646,20): error TS2604: JSX element type 'TungstenLiveMonitor' does not have any construct or call signatures.
src/screens/REPL.tsx(4646,20): error TS2786: 'TungstenLiveMonitor' cannot be used as a JSX component.
  Its type 'null' is not a valid JSX element type.
src/screens/REPL.tsx(4650,122): error TS2322: Type '{ mode: any; spinnerTip: any; responseLengthRef: RefObject<number>; apiMetricsRef: RefObject<{ ttftMs: number; firstTokenTime: number; lastTokenTime: number; responseLengthBaseline: number; endResponseLength: number; }[]>; ... 9 more ...; leaderIsIdle: boolean; }' is not assignable to type 'IntrinsicAttributes & Props'.
  Property 'apiMetricsRef' does not exist on type 'IntrinsicAttributes & Props'.
src/screens/REPL.tsx(4914,107): error TS2304: Cannot find name 'UltraplanChoiceDialog'.
src/screens/REPL.tsx(4917,107): error TS2304: Cannot find name 'UltraplanLaunchDialog'.
src/screens/REPL.tsx(4967,134): error TS18047: 'skillImprovementSurvey.suggestion' is possibly 'null'.
src/screens/REPL.tsx(4967,188): error TS18047: 'skillImprovementSurvey.suggestion' is possibly 'null'.
src/screens/replInputSuppression.test.ts(1,1): error TS2578: Unused '@ts-expect-error' directive.
src/screens/replStartupGates.test.ts(1,1): error TS2578: Unused '@ts-expect-error' directive.
src/screens/ResumeConversation.tsx(2,1): error TS2578: Unused '@ts-expect-error' directive.
src/services/analytics/metadata.ts(42,1): error TS2578: Unused '@ts-expect-error' directive.
src/services/api/agentRouting.test.ts(1,1): error TS2578: Unused '@ts-expect-error' directive.
src/services/api/cacheMetrics.test.ts(1,1): error TS2578: Unused '@ts-expect-error' directive.
src/services/api/cacheMetricsIntegration.test.ts(23,1): error TS2578: Unused '@ts-expect-error' directive.
src/services/api/cacheStatsTracker.test.ts(1,1): error TS2578: Unused '@ts-expect-error' directive.
src/services/api/claude.ts(110,1): error TS2578: Unused '@ts-expect-error' directive.
src/services/api/client.oauthRouting.test.ts(1,1): error TS2578: Unused '@ts-expect-error' directive.
src/services/api/client.test.ts(1,1): error TS2578: Unused '@ts-expect-error' directive.
src/services/api/client.test.ts(860,22): error TS2352: Conversion of type '() => Promise<never>' to type 'typeof fetch' may be a mistake because neither type sufficiently overlaps with the other. If this was intentional, convert the expression to 'unknown' first.
  Property 'preconnect' is missing in type '() => Promise<never>' but required in type 'typeof fetch'.
src/services/api/client.test.ts(885,22): error TS2352: Conversion of type '() => Promise<never>' to type 'typeof fetch' may be a mistake because neither type sufficiently overlaps with the other. If this was intentional, convert the expression to 'unknown' first.
  Property 'preconnect' is missing in type '() => Promise<never>' but required in type 'typeof fetch'.
src/services/api/codexOAuth.test.ts(3,1): error TS2578: Unused '@ts-expect-error' directive.
src/services/api/codexOAuth.test.ts(73,22): error TS2352: Conversion of type 'Mock<(input: any, init: any) => Promise<Response>>' to type 'typeof fetch' may be a mistake because neither type sufficiently overlaps with the other. If this was intentional, convert the expression to 'unknown' first.
  Property 'preconnect' is missing in type 'Mock<(input: any, init: any) => Promise<Response>>' but required in type 'typeof fetch'.
src/services/api/codexOAuth.test.ts(121,22): error TS2352: Conversion of type 'Mock<(input: any, init: any) => Promise<Response>>' to type 'typeof fetch' may be a mistake because neither type sufficiently overlaps with the other. If this was intentional, convert the expression to 'unknown' first.
  Property 'preconnect' is missing in type 'Mock<(input: any, init: any) => Promise<Response>>' but required in type 'typeof fetch'.
src/services/api/codexShim.test.ts(1,1): error TS2578: Unused '@ts-expect-error' directive.
src/services/api/codexShim.ts(625,19): error TS2345: Argument of type 'ReadableStreamDefaultReadResult<Uint8Array<ArrayBuffer>>' is not assignable to parameter of type 'ReadableStreamReadResult<Uint8Array<ArrayBufferLike>> | PromiseLike<ReadableStreamReadResult<Uint8Array<ArrayBufferLike>>>'.
  Type 'ReadableStreamDefaultReadDoneResult' is not assignable to type 'ReadableStreamReadResult<Uint8Array<ArrayBufferLike>> | PromiseLike<ReadableStreamReadResult<Uint8Array<ArrayBufferLike>>>'.
    Type 'ReadableStreamDefaultReadDoneResult' is not assignable to type 'ReadableStreamReadDoneResult<Uint8Array<ArrayBufferLike>> | PromiseLike<ReadableStreamReadResult<Uint8Array<ArrayBufferLike>>>'.
      Type 'ReadableStreamDefaultReadDoneResult' is not assignable to type 'ReadableStreamReadDoneResult<Uint8Array<ArrayBufferLike>>'.
        Property 'value' is optional in type 'ReadableStreamDefaultReadDoneResult' but required in type 'ReadableStreamReadDoneResult<Uint8Array<ArrayBufferLike>>'.
src/services/api/codexUsage.test.ts(1,1): error TS2578: Unused '@ts-expect-error' directive.
src/services/api/compressToolHistory.test.ts(1,1): error TS2578: Unused '@ts-expect-error' directive.
src/services/api/errors.openaiCompatibility.test.ts(2,1): error TS2578: Unused '@ts-expect-error' directive.
src/services/api/fetchWithProxyRetry.test.ts(1,1): error TS2578: Unused '@ts-expect-error' directive.
src/services/api/fetchWithProxyRetry.test.ts(78,22): error TS2352: Conversion of type '() => Promise<never>' to type 'typeof fetch' may be a mistake because neither type sufficiently overlaps with the other. If this was intentional, convert the expression to 'unknown' first.
  Property 'preconnect' is missing in type '() => Promise<never>' but required in type 'typeof fetch'.
src/services/api/logging.ts(1,1): error TS2578: Unused '@ts-expect-error' directive.
src/services/api/minimaxUsage.test.ts(1,1): error TS2578: Unused '@ts-expect-error' directive.
src/services/api/minimaxUsage.test.ts(12,3): error TS2578: Unused '@ts-expect-error' directive.
src/services/api/openaiErrorClassification.test.ts(1,1): error TS2578: Unused '@ts-expect-error' directive.
src/services/api/openaiShim.compression.test.ts(1,1): error TS2578: Unused '@ts-expect-error' directive.
src/services/api/openaiShim.diagnostics.test.ts(1,1): error TS2578: Unused '@ts-expect-error' directive.
src/services/api/openaiShim.diagnostics.test.ts(43,22): error TS2352: Conversion of type 'Mock<() => Promise<never>>' to type 'typeof fetch' may be a mistake because neither type sufficiently overlaps with the other. If this was intentional, convert the expression to 'unknown' first.
  Property 'preconnect' is missing in type 'Mock<() => Promise<never>>' but required in type 'typeof fetch'.
src/services/api/openaiShim.diagnostics.test.ts(65,19): error TS2493: Tuple type '[]' of length '0' has no element at index '0'.
src/services/api/openaiShim.diagnostics.test.ts(65,43): error TS2493: Tuple type '[]' of length '0' has no element at index '0'.
src/services/api/openaiShim.diagnostics.test.ts(65,46): error TS2339: Property 'includes' does not exist on type 'never'.
src/services/api/openaiShim.diagnostics.test.ts(69,32): error TS2493: Tuple type '[]' of length '0' has no element at index '0'.
src/services/api/openaiShim.diagnostics.test.ts(70,32): error TS2493: Tuple type '[]' of length '0' has no element at index '0'.
src/services/api/openaiShim.diagnostics.test.ts(71,25): error TS2493: Tuple type '[]' of length '0' has no element at index '1'.
src/services/api/openaiShim.diagnostics.test.ts(71,37): error TS2769: No overload matches this call.
  Overload 1 of 2, '(expected: undefined): void', gave the following error.
    Argument of type '{ level: string; }' is not assignable to parameter of type 'undefined'.
  Overload 2 of 2, '(expected: undefined): void', gave the following error.
    Argument of type '{ level: string; }' is not assignable to parameter of type 'undefined'.
src/services/api/openaiShim.diagnostics.test.ts(90,22): error TS2352: Conversion of type 'Mock<() => Promise<never>>' to type 'typeof fetch' may be a mistake because neither type sufficiently overlaps with the other. If this was intentional, convert the expression to 'unknown' first.
  Property 'preconnect' is missing in type 'Mock<() => Promise<never>>' but required in type 'typeof fetch'.
src/services/api/openaiShim.diagnostics.test.ts(112,19): error TS2493: Tuple type '[]' of length '0' has no element at index '0'.
src/services/api/openaiShim.diagnostics.test.ts(112,43): error TS2493: Tuple type '[]' of length '0' has no element at index '0'.
src/services/api/openaiShim.diagnostics.test.ts(112,46): error TS2339: Property 'includes' does not exist on type 'never'.
src/services/api/openaiShim.diagnostics.test.ts(116,41): error TS2493: Tuple type '[]' of length '0' has no element at index '0'.
src/services/api/openaiShim.diagnostics.test.ts(133,22): error TS2352: Conversion of type 'Mock<(input: string | Request) => Promise<Response>>' to type 'typeof fetch' may be a mistake because neither type sufficiently overlaps with the other. If this was intentional, convert the expression to 'unknown' first.
  Property 'preconnect' is missing in type 'Mock<(input: string | Request) => Promise<Response>>' but required in type 'typeof fetch'.
src/services/api/openaiShim.diagnostics.test.ts(187,19): error TS2493: Tuple type '[]' of length '0' has no element at index '0'.
src/services/api/openaiShim.diagnostics.test.ts(188,10): error TS2493: Tuple type '[]' of length '0' has no element at index '0'.
src/services/api/openaiShim.diagnostics.test.ts(188,13): error TS2339: Property 'includes' does not exist on type 'never'.
src/services/api/openaiShim.diagnostics.test.ts(192,40): error TS2493: Tuple type '[]' of length '0' has no element at index '0'.
src/services/api/openaiShim.diagnostics.test.ts(211,22): error TS2352: Conversion of type 'Mock<() => Promise<Response>>' to type 'typeof fetch' may be a mistake because neither type sufficiently overlaps with the other. If this was intentional, convert the expression to 'unknown' first.
  Property 'preconnect' is missing in type 'Mock<() => Promise<Response>>' but required in type 'typeof fetch'.
src/services/api/openaiShim.diagnostics.test.ts(281,19): error TS2493: Tuple type '[]' of length '0' has no element at index '0'.
src/services/api/openaiShim.diagnostics.test.ts(282,10): error TS2493: Tuple type '[]' of length '0' has no element at index '0'.
src/services/api/openaiShim.diagnostics.test.ts(282,13): error TS2339: Property 'includes' does not exist on type 'never'.
src/services/api/openaiShim.diagnostics.test.ts(286,24): error TS2493: Tuple type '[]' of length '0' has no element at index '1'.
src/services/api/openaiShim.diagnostics.test.ts(286,36): error TS2769: No overload matches this call.
  Overload 1 of 2, '(expected: undefined): void', gave the following error.
    Argument of type '{ level: string; }' is not assignable to parameter of type 'undefined'.
  Overload 2 of 2, '(expected: undefined): void', gave the following error.
    Argument of type '{ level: string; }' is not assignable to parameter of type 'undefined'.
src/services/api/openaiShim.test.ts(1,1): error TS2578: Unused '@ts-expect-error' directive.
src/services/api/openaiShim.test.ts(1478,38): error TS2769: No overload matches this call.
  Overload 1 of 2, '(expected: null): void', gave the following error.
    Argument of type '"Bearer gemini-access-token"' is not assignable to parameter of type 'null'.
  Overload 2 of 2, '(expected: null): void', gave the following error.
    Argument of type '"Bearer gemini-access-token"' is not assignable to parameter of type 'null'.
src/services/api/openaiShim.test.ts(1479,32): error TS2769: No overload matches this call.
  Overload 1 of 2, '(expected: null): void', gave the following error.
    Argument of type '"gemini-project"' is not assignable to parameter of type 'null'.
  Overload 2 of 2, '(expected: null): void', gave the following error.
    Argument of type '"gemini-project"' is not assignable to parameter of type 'null'.
src/services/api/openaiShim.test.ts(1533,38): error TS2769: No overload matches this call.
  Overload 1 of 2, '(expected: null): void', gave the following error.
    Argument of type '"Bearer nvidia-live-key"' is not assignable to parameter of type 'null'.
  Overload 2 of 2, '(expected: null): void', gave the following error.
    Argument of type '"Bearer nvidia-live-key"' is not assignable to parameter of type 'null'.
src/services/api/openaiShim.test.ts(3235,22): error TS2352: Conversion of type '() => Promise<Response>' to type 'typeof fetch' may be a mistake because neither type sufficiently overlaps with the other. If this was intentional, convert the expression to 'unknown' first.
  Property 'preconnect' is missing in type '() => Promise<Response>' but required in type 'typeof fetch'.
src/services/api/openaiShim.test.ts(3367,22): error TS2352: Conversion of type '() => Promise<Response>' to type 'typeof fetch' may be a mistake because neither type sufficiently overlaps with the other. If this was intentional, convert the expression to 'unknown' first.
  Property 'preconnect' is missing in type '() => Promise<Response>' but required in type 'typeof fetch'.
src/services/api/openaiShim.test.ts(3425,22): error TS2352: Conversion of type '() => Promise<Response>' to type 'typeof fetch' may be a mistake because neither type sufficiently overlaps with the other. If this was intentional, convert the expression to 'unknown' first.
  Property 'preconnect' is missing in type '() => Promise<Response>' but required in type 'typeof fetch'.
src/services/api/openaiShim.test.ts(3513,22): error TS2352: Conversion of type '() => Promise<Response>' to type 'typeof fetch' may be a mistake because neither type sufficiently overlaps with the other. If this was intentional, convert the expression to 'unknown' first.
  Property 'preconnect' is missing in type '() => Promise<Response>' but required in type 'typeof fetch'.
src/services/api/openaiShim.test.ts(3579,22): error TS2352: Conversion of type '() => Promise<never>' to type 'typeof fetch' may be a mistake because neither type sufficiently overlaps with the other. If this was intentional, convert the expression to 'unknown' first.
  Property 'preconnect' is missing in type '() => Promise<never>' but required in type 'typeof fetch'.
src/services/api/openaiShim.test.ts(3614,22): error TS2352: Conversion of type '() => Promise<never>' to type 'typeof fetch' may be a mistake because neither type sufficiently overlaps with the other. If this was intentional, convert the expression to 'unknown' first.
  Property 'preconnect' is missing in type '() => Promise<never>' but required in type 'typeof fetch'.
src/services/api/openaiShim.test.ts(3646,22): error TS2352: Conversion of type '() => Promise<never>' to type 'typeof fetch' may be a mistake because neither type sufficiently overlaps with the other. If this was intentional, convert the expression to 'unknown' first.
  Property 'preconnect' is missing in type '() => Promise<never>' but required in type 'typeof fetch'.
src/services/api/openaiShim.test.ts(3671,22): error TS2352: Conversion of type '() => Promise<Response>' to type 'typeof fetch' may be a mistake because neither type sufficiently overlaps with the other. If this was intentional, convert the expression to 'unknown' first.
  Property 'preconnect' is missing in type '() => Promise<Response>' but required in type 'typeof fetch'.
src/services/api/openaiShim.ts(1015,19): error TS2345: Argument of type 'ReadableStreamDefaultReadResult<Uint8Array<ArrayBuffer>>' is not assignable to parameter of type 'ReadableStreamReadResult<Uint8Array<ArrayBufferLike>> | PromiseLike<ReadableStreamReadResult<Uint8Array<ArrayBufferLike>>>'.
  Type 'ReadableStreamDefaultReadDoneResult' is not assignable to type 'ReadableStreamReadResult<Uint8Array<ArrayBufferLike>> | PromiseLike<ReadableStreamReadResult<Uint8Array<ArrayBufferLike>>>'.
    Type 'ReadableStreamDefaultReadDoneResult' is not assignable to type 'ReadableStreamReadDoneResult<Uint8Array<ArrayBufferLike>> | PromiseLike<ReadableStreamReadResult<Uint8Array<ArrayBufferLike>>>'.
      Type 'ReadableStreamDefaultReadDoneResult' is not assignable to type 'ReadableStreamReadDoneResult<Uint8Array<ArrayBufferLike>>'.
        Property 'value' is optional in type 'ReadableStreamDefaultReadDoneResult' but required in type 'ReadableStreamReadDoneResult<Uint8Array<ArrayBufferLike>>'.
src/services/api/promptCacheBreakDetection.ts(172,3): error TS2578: Unused '@ts-expect-error' directive.
src/services/api/promptCacheBreakDetection.ts(174,5): error TS2578: Unused '@ts-expect-error' directive.
src/services/api/providerConfig.codexSecureStorage.test.ts(1,1): error TS2578: Unused '@ts-expect-error' directive.
src/services/api/providerConfig.codexSecureStorage.test.ts(30,5): error TS2578: Unused '@ts-expect-error' directive.
src/services/api/providerConfig.codexSecureStorage.test.ts(31,5): error TS2578: Unused '@ts-expect-error' directive.
src/services/api/providerConfig.codexSecureStorage.test.ts(52,5): error TS2578: Unused '@ts-expect-error' directive.
src/services/api/providerConfig.codexSecureStorage.test.ts(53,5): error TS2578: Unused '@ts-expect-error' directive.
src/services/api/providerConfig.codexSecureStorage.test.ts(75,5): error TS2578: Unused '@ts-expect-error' directive.
src/services/api/providerConfig.codexSecureStorage.test.ts(76,5): error TS2578: Unused '@ts-expect-error' directive.
src/services/api/providerConfig.codexSecureStorage.test.ts(116,7): error TS2578: Unused '@ts-expect-error' directive.
src/services/api/providerConfig.codexSecureStorage.test.ts(117,7): error TS2578: Unused '@ts-expect-error' directive.
src/services/api/providerConfig.codexSecureStorage.test.ts(144,5): error TS2578: Unused '@ts-expect-error' directive.
src/services/api/providerConfig.codexSecureStorage.test.ts(145,5): error TS2578: Unused '@ts-expect-error' directive.
src/services/api/providerConfig.codexSecureStorage.test.ts(184,5): error TS2578: Unused '@ts-expect-error' directive.
src/services/api/providerConfig.codexSecureStorage.test.ts(185,5): error TS2578: Unused '@ts-expect-error' directive.
src/services/api/providerConfig.codexSecureStorage.test.ts(224,5): error TS2578: Unused '@ts-expect-error' directive.
src/services/api/providerConfig.codexSecureStorage.test.ts(225,5): error TS2578: Unused '@ts-expect-error' directive.
src/services/api/providerConfig.envDiagnostics.test.ts(1,1): error TS2578: Unused '@ts-expect-error' directive.
src/services/api/providerConfig.envDiagnostics.test.ts(58,19): error TS2493: Tuple type '[]' of length '0' has no element at index '0'.
src/services/api/providerConfig.envDiagnostics.test.ts(59,10): error TS2493: Tuple type '[]' of length '0' has no element at index '0'.
src/services/api/providerConfig.envDiagnostics.test.ts(59,13): error TS2339: Property 'includes' does not exist on type 'never'.
src/services/api/providerConfig.envDiagnostics.test.ts(60,10): error TS2493: Tuple type '[]' of length '0' has no element at index '0'.
src/services/api/providerConfig.envDiagnostics.test.ts(60,13): error TS2339: Property 'includes' does not exist on type 'never'.
src/services/api/providerConfig.envDiagnostics.test.ts(64,24): error TS2493: Tuple type '[]' of length '0' has no element at index '1'.
src/services/api/providerConfig.envDiagnostics.test.ts(64,36): error TS2769: No overload matches this call.
  Overload 1 of 2, '(expected: undefined): void', gave the following error.
    Argument of type '{ level: string; }' is not assignable to parameter of type 'undefined'.
  Overload 2 of 2, '(expected: undefined): void', gave the following error.
    Argument of type '{ level: string; }' is not assignable to parameter of type 'undefined'.
src/services/api/providerConfig.envDiagnostics.test.ts(87,19): error TS2493: Tuple type '[]' of length '0' has no element at index '0'.
src/services/api/providerConfig.envDiagnostics.test.ts(88,10): error TS2493: Tuple type '[]' of length '0' has no element at index '0'.
src/services/api/providerConfig.envDiagnostics.test.ts(88,13): error TS2339: Property 'includes' does not exist on type 'never'.
src/services/api/providerConfig.envDiagnostics.test.ts(89,10): error TS2493: Tuple type '[]' of length '0' has no element at index '0'.
src/services/api/providerConfig.envDiagnostics.test.ts(89,13): error TS2339: Property 'includes' does not exist on type 'never'.
src/services/api/providerConfig.github.test.ts(1,1): error TS2578: Unused '@ts-expect-error' directive.
src/services/api/providerConfig.local.test.ts(1,1): error TS2578: Unused '@ts-expect-error' directive.
src/services/api/providerConfig.runtimeCodexCredentials.test.ts(1,1): error TS2578: Unused '@ts-expect-error' directive.
src/services/api/providerConfig.runtimeCodexCredentials.test.ts(91,3): error TS2578: Unused '@ts-expect-error' directive.
src/services/api/providerConfig.runtimeCodexCredentials.test.ts(92,3): error TS2578: Unused '@ts-expect-error' directive.
src/services/api/smartModelRouting.test.ts(1,1): error TS2578: Unused '@ts-expect-error' directive.
src/services/api/thinkTagSanitizer.test.ts(1,1): error TS2578: Unused '@ts-expect-error' directive.
src/services/api/toolArgumentNormalization.test.ts(1,1): error TS2578: Unused '@ts-expect-error' directive.
src/services/api/withRetry.test.ts(1,1): error TS2578: Unused '@ts-expect-error' directive.
src/services/api/withRetry.ts(1,1): error TS2578: Unused '@ts-expect-error' directive.
src/services/autoFix/autoFixConfig.test.ts(1,1): error TS2578: Unused '@ts-expect-error' directive.
src/services/autoFix/autoFixHook.test.ts(1,1): error TS2578: Unused '@ts-expect-error' directive.
src/services/autoFix/autoFixIntegration.test.ts(1,1): error TS2578: Unused '@ts-expect-error' directive.
src/services/autoFix/autoFixRunner.test.ts(1,1): error TS2578: Unused '@ts-expect-error' directive.
src/services/compact/autoCompact.test.ts(1,1): error TS2578: Unused '@ts-expect-error' directive.
src/services/compact/autoCompact.ts(1,1): error TS2578: Unused '@ts-expect-error' directive.
src/services/compact/compact.ts(1,1): error TS2578: Unused '@ts-expect-error' directive.
src/services/compact/microCompact.test.ts(1,1): error TS2578: Unused '@ts-expect-error' directive.
src/services/compact/microCompact.ts(1,1): error TS2578: Unused '@ts-expect-error' directive.
src/services/compact/postCompactCleanup.ts(1,1): error TS2578: Unused '@ts-expect-error' directive.
src/services/compact/prompt.ts(1,1): error TS2578: Unused '@ts-expect-error' directive.
src/services/contextCollapse/index.test.ts(1,1): error TS2578: Unused '@ts-expect-error' directive.
src/services/contextCollapse/index.ts(11,1): error TS2578: Unused '@ts-expect-error' directive.
src/services/diagnosticTracking.test.ts(1,1): error TS2578: Unused '@ts-expect-error' directive.
src/services/extractMemories/extractMemories.ts(16,1): error TS2578: Unused '@ts-expect-error' directive.
src/services/extractMemories/prompts.ts(12,1): error TS2578: Unused '@ts-expect-error' directive.
src/services/github/deviceFlow.test.ts(1,1): error TS2578: Unused '@ts-expect-error' directive.
src/services/mcp/client.ts(1,1): error TS2578: Unused '@ts-expect-error' directive.
src/services/mcp/client.ts(737,9): error TS2578: Unused '@ts-expect-error' directive.
src/services/mcp/client.ts(787,9): error TS2578: Unused '@ts-expect-error' directive.
src/services/mcp/config.ts(1,1): error TS2578: Unused '@ts-expect-error' directive.
src/services/mcp/officialRegistry.test.ts(1,1): error TS2578: Unused '@ts-expect-error' directive.
src/services/mcp/useManageMCPConnections.ts(1,1): error TS2578: Unused '@ts-expect-error' directive.
src/services/oauth/auth-code-listener.analytics.test.ts(1,1): error TS2578: Unused '@ts-expect-error' directive.
src/services/oauth/auth-code-listener.test.ts(1,1): error TS2578: Unused '@ts-expect-error' directive.
src/services/oauth/client.populateAccountInfo.test.ts(1,1): error TS2578: Unused '@ts-expect-error' directive.
src/services/settingsSync/index.ts(12,1): error TS2578: Unused '@ts-expect-error' directive.
src/services/teamMemorySync/teamMemSecretGuard.ts(1,1): error TS2578: Unused '@ts-expect-error' directive.
src/services/teamMemorySync/watcher.ts(10,1): error TS2578: Unused '@ts-expect-error' directive.
src/services/telegram/TelegramService.test.ts(1,1): error TS2578: Unused '@ts-expect-error' directive.
src/services/tokenModelCompression.test.ts(1,1): error TS2578: Unused '@ts-expect-error' directive.
src/services/tools/toolExecution.test.ts(1,1): error TS2578: Unused '@ts-expect-error' directive.
src/services/tools/toolExecution.ts(1,1): error TS2578: Unused '@ts-expect-error' directive.
src/services/voiceStreamSTT.ts(187,5): error TS2578: Unused '@ts-expect-error' directive.
src/services/wiki/ingest.test.ts(1,1): error TS2578: Unused '@ts-expect-error' directive.
src/services/wiki/init.test.ts(1,1): error TS2578: Unused '@ts-expect-error' directive.
src/services/wiki/status.test.ts(1,1): error TS2578: Unused '@ts-expect-error' directive.
src/setup.ts(3,1): error TS2578: Unused '@ts-expect-error' directive.
src/skills/bundled/index.ts(1,1): error TS2578: Unused '@ts-expect-error' directive.
src/skills/bundled/loop.test.ts(1,1): error TS2578: Unused '@ts-expect-error' directive.
src/skills/bundled/updateConfig.test.ts(1,1): error TS2578: Unused '@ts-expect-error' directive.
src/state/AppState.tsx(2,1): error TS2578: Unused '@ts-expect-error' directive.
src/tasks.ts(1,1): error TS2578: Unused '@ts-expect-error' directive.
src/tasks/LocalShellTask/LocalShellTask.tsx(1,1): error TS2578: Unused '@ts-expect-error' directive.
src/tools.lsp.test.ts(1,1): error TS2578: Unused '@ts-expect-error' directive.
src/tools.ts(124,1): error TS2578: Unused '@ts-expect-error' directive.
src/tools/AgentTool/AgentTool.tsx(1,1): error TS2578: Unused '@ts-expect-error' directive.
src/tools/AgentTool/agentToolAsyncInstructions.test.ts(1,1): error TS2578: Unused '@ts-expect-error' directive.
src/tools/AgentTool/agentToolAsyncInstructions.test.ts(8,5): error TS2578: Unused '@ts-expect-error' directive.
src/tools/AgentTool/agentToolUtils.ts(1,1): error TS2578: Unused '@ts-expect-error' directive.
src/tools/AgentTool/builtInAgents.ts(1,1): error TS2578: Unused '@ts-expect-error' directive.
src/tools/AgentTool/forkSubagent.ts(1,1): error TS2578: Unused '@ts-expect-error' directive.
src/tools/AgentTool/loadAgentsDir.test.ts(1,1): error TS2578: Unused '@ts-expect-error' directive.
src/tools/AgentTool/loadAgentsDir.ts(1,1): error TS2578: Unused '@ts-expect-error' directive.
src/tools/AgentTool/runAgent.ts(1,1): error TS2578: Unused '@ts-expect-error' directive.
src/tools/AskUserQuestionTool/AskUserQuestionTool.tsx(2,1): error TS2578: Unused '@ts-expect-error' directive.
src/tools/BashTool/bashPermissions.test.ts(1,1): error TS2578: Unused '@ts-expect-error' directive.
src/tools/BashTool/bashPermissions.ts(1,1): error TS2578: Unused '@ts-expect-error' directive.
src/tools/BashTool/BashTool.tsx(1,1): error TS2578: Unused '@ts-expect-error' directive.
src/tools/BashTool/commandSemantics.test.ts(1,1): error TS2578: Unused '@ts-expect-error' directive.
src/tools/BashTool/modeValidation.test.ts(1,1): error TS2578: Unused '@ts-expect-error' directive.
src/tools/BashTool/prompt.ts(1,1): error TS2578: Unused '@ts-expect-error' directive.
src/tools/BashTool/sedEditParser.test.ts(1,1): error TS2578: Unused '@ts-expect-error' directive.
src/tools/BashTool/shouldUseSandbox.test.ts(1,1): error TS2578: Unused '@ts-expect-error' directive.
src/tools/BashTool/utils.test.ts(1,1): error TS2578: Unused '@ts-expect-error' directive.
src/tools/BriefTool/attachments.ts(8,1): error TS2578: Unused '@ts-expect-error' directive.
src/tools/BriefTool/BriefTool.ts(1,1): error TS2578: Unused '@ts-expect-error' directive.
src/tools/BriefTool/upload.ts(15,1): error TS2578: Unused '@ts-expect-error' directive.
src/tools/ConfigTool/ConfigTool.ts(1,1): error TS2578: Unused '@ts-expect-error' directive.
src/tools/ConfigTool/prompt.ts(1,1): error TS2578: Unused '@ts-expect-error' directive.
src/tools/ConfigTool/supportedSettings.ts(1,1): error TS2578: Unused '@ts-expect-error' directive.
src/tools/EnterPlanModeTool/EnterPlanModeTool.ts(1,1): error TS2578: Unused '@ts-expect-error' directive.
src/tools/ExitPlanModeTool/ExitPlanModeV2Tool.ts(1,1): error TS2578: Unused '@ts-expect-error' directive.
src/tools/MCPTool/MCPTool.test.ts(1,1): error TS2578: Unused '@ts-expect-error' directive.
src/tools/MCPTool/MCPTool.test.ts(94,36): error TS2769: No overload matches this call.
  Overload 1 of 2, '(expected: string | (TextBlockParam | ImageBlockParam | DocumentBlockParam | SearchResultBlockParam | ToolReferenceBlockParam)[] | undefined): void', gave the following error.
    Argument of type '{ type: string; text: string; }[]' is not assignable to parameter of type 'string | (TextBlockParam | ImageBlockParam | DocumentBlockParam | SearchResultBlockParam | ToolReferenceBlockParam)[] | undefined'.
      Type '{ type: string; text: string; }[]' is not assignable to type '(TextBlockParam | ImageBlockParam | DocumentBlockParam | SearchResultBlockParam | ToolReferenceBlockParam)[]'.
        Type '{ type: string; text: string; }' is not assignable to type 'TextBlockParam | ImageBlockParam | DocumentBlockParam | SearchResultBlockParam | ToolReferenceBlockParam'.
          Type '{ type: string; text: string; }' is not assignable to type 'TextBlockParam'.
            Types of property 'type' are incompatible.
              Type 'string' is not assignable to type '"text"'.
  Overload 2 of 2, '(expected: NoInfer<string | (TextBlockParam | ImageBlockParam | DocumentBlockParam | SearchResultBlockParam | ToolReferenceBlockParam)[] | undefined>): void', gave the following error.
    Argument of type '{ type: string; text: string; }[]' is not assignable to parameter of type 'string | (TextBlockParam | ImageBlockParam | DocumentBlockParam | SearchResultBlockParam | ToolReferenceBlockParam)[] | undefined'.
      Type '{ type: string; text: string; }[]' is not assignable to type '(TextBlockParam | ImageBlockParam | DocumentBlockParam | SearchResultBlockParam | ToolReferenceBlockParam)[]'.
        Type '{ type: string; text: string; }' is not assignable to type 'TextBlockParam | ImageBlockParam | DocumentBlockParam | SearchResultBlockParam | ToolReferenceBlockParam'.
          Type '{ type: string; text: string; }' is not assignable to type 'TextBlockParam'.
            Types of property 'type' are incompatible.
              Type 'string' is not assignable to type '"text"'.
src/tools/MCPTool/UI.tsx(2,1): error TS2578: Unused '@ts-expect-error' directive.
src/tools/NotebookEditTool/NotebookEditTool.ts(1,1): error TS2578: Unused '@ts-expect-error' directive.
src/tools/NotebookEditTool/UI.tsx(89,28): error TS2322: Type '{ code: string; filePath: string; }' is not assignable to type 'IntrinsicAttributes & object'.
  Property 'code' does not exist on type 'IntrinsicAttributes & object'.
src/tools/PowerShellTool/PowerShellTool.tsx(1,1): error TS2578: Unused '@ts-expect-error' directive.
src/tools/RepoMapTool/RepoMapTool.test.ts(1,1): error TS2578: Unused '@ts-expect-error' directive.
src/tools/RepoMapTool/RepoMapTool.test.ts(12,3): error TS2578: Unused '@ts-expect-error' directive.
src/tools/ScheduleCronTool/prompt.ts(1,1): error TS2578: Unused '@ts-expect-error' directive.
src/tools/SendMessageTool/prompt.ts(1,1): error TS2578: Unused '@ts-expect-error' directive.
src/tools/SendMessageTool/SendMessageTool.ts(1,1): error TS2578: Unused '@ts-expect-error' directive.
src/tools/shellToolResultMappers.test.ts(1,1): error TS2578: Unused '@ts-expect-error' directive.
src/tools/SkillTool/SkillTool.test.ts(1,1): error TS2578: Unused '@ts-expect-error' directive.
src/tools/SkillTool/SkillTool.ts(1,1): error TS2578: Unused '@ts-expect-error' directive.
src/tools/TaskUpdateTool/TaskUpdateTool.ts(1,1): error TS2578: Unused '@ts-expect-error' directive.
src/tools/TodoWriteTool/TodoWriteTool.ts(1,1): error TS2578: Unused '@ts-expect-error' directive.
src/tools/ToolSearchTool/prompt.ts(1,1): error TS2578: Unused '@ts-expect-error' directive.
src/tools/WebFetchTool/applyPromptFallback.test.ts(1,1): error TS2578: Unused '@ts-expect-error' directive.
src/tools/WebFetchTool/domainCheck.test.ts(1,1): error TS2578: Unused '@ts-expect-error' directive.
src/tools/WebFetchTool/utils.ts(339,61): error TS2339: Property 'entries' does not exist on type 'Headers'.
src/tools/WebSearchTool/providers/brave.test.ts(1,1): error TS2578: Unused '@ts-expect-error' directive.
src/tools/WebSearchTool/providers/custom.test.ts(1,1): error TS2578: Unused '@ts-expect-error' directive.
src/tools/WebSearchTool/providers/duckduckgo.test.ts(1,1): error TS2578: Unused '@ts-expect-error' directive.
src/tools/WebSearchTool/providers/exa.test.ts(1,1): error TS2578: Unused '@ts-expect-error' directive.
src/tools/WebSearchTool/providers/firecrawl.test.ts(1,1): error TS2578: Unused '@ts-expect-error' directive.
src/tools/WebSearchTool/providers/index.test.ts(1,1): error TS2578: Unused '@ts-expect-error' directive.
src/tools/WebSearchTool/providers/minimaxCli.test.ts(1,1): error TS2578: Unused '@ts-expect-error' directive.
src/tools/WebSearchTool/providers/types.test.ts(1,1): error TS2578: Unused '@ts-expect-error' directive.
src/tools/WebSearchTool/WebSearchTool.test.ts(1,1): error TS2578: Unused '@ts-expect-error' directive.
src/types/permissions.ts(9,1): error TS2578: Unused '@ts-expect-error' directive.
src/upstreamproxy/relay.ts(168,5): error TS2578: Unused '@ts-expect-error' directive.
src/upstreamproxy/relay.ts(190,3): error TS2578: Unused '@ts-expect-error' directive.
src/upstreamproxy/relay.ts(387,5): error TS2578: Unused '@ts-expect-error' directive.
src/upstreamproxy/relay.ts(436,5): error TS2578: Unused '@ts-expect-error' directive.
src/upstreamproxy/relay.ts(445,5): error TS2578: Unused '@ts-expect-error' directive.
src/upstreamproxy/upstreamproxy.test.ts(1,1): error TS2578: Unused '@ts-expect-error' directive.
src/upstreamproxy/upstreamproxy.ts(238,3): error TS2578: Unused '@ts-expect-error' directive.
src/upstreamproxy/upstreamproxy.ts(242,5): error TS2578: Unused '@ts-expect-error' directive.
src/utils/analyzeContext.ts(1,1): error TS2578: Unused '@ts-expect-error' directive.
src/utils/api.test.ts(1,1): error TS2578: Unused '@ts-expect-error' directive.
src/utils/apiPreconnect.test.ts(1,1): error TS2578: Unused '@ts-expect-error' directive.
src/utils/apiPreconnect.test.ts(29,24): error TS2352: Conversion of type 'Mock<() => Promise<Response>>' to type 'typeof fetch' may be a mistake because neither type sufficiently overlaps with the other. If this was intentional, convert the expression to 'unknown' first.
  Property 'preconnect' is missing in type 'Mock<() => Promise<Response>>' but required in type 'typeof fetch'.
src/utils/apiPreconnect.test.ts(43,24): error TS2352: Conversion of type 'Mock<() => Promise<Response>>' to type 'typeof fetch' may be a mistake because neither type sufficiently overlaps with the other. If this was intentional, convert the expression to 'unknown' first.
  Property 'preconnect' is missing in type 'Mock<() => Promise<Response>>' but required in type 'typeof fetch'.
src/utils/apiPreconnect.test.ts(57,24): error TS2352: Conversion of type 'Mock<() => Promise<Response>>' to type 'typeof fetch' may be a mistake because neither type sufficiently overlaps with the other. If this was intentional, convert the expression to 'unknown' first.
  Property 'preconnect' is missing in type 'Mock<() => Promise<Response>>' but required in type 'typeof fetch'.
src/utils/apiPreconnect.test.ts(84,24): error TS2352: Conversion of type 'Mock<() => Promise<Response>>' to type 'typeof fetch' may be a mistake because neither type sufficiently overlaps with the other. If this was intentional, convert the expression to 'unknown' first.
  Property 'preconnect' is missing in type 'Mock<() => Promise<Response>>' but required in type 'typeof fetch'.
src/utils/attachments.extractors.test.ts(1,1): error TS2578: Unused '@ts-expect-error' directive.
src/utils/attachments.ts(198,1): error TS2578: Unused '@ts-expect-error' directive.
src/utils/attribution.test.ts(1,1): error TS2578: Unused '@ts-expect-error' directive.
src/utils/attribution.ts(1,1): error TS2578: Unused '@ts-expect-error' directive.
src/utils/autoModeDenials.ts(6,1): error TS2578: Unused '@ts-expect-error' directive.
src/utils/backgroundHousekeeping.ts(1,1): error TS2578: Unused '@ts-expect-error' directive.
src/utils/bash/parser.ts(1,1): error TS2578: Unused '@ts-expect-error' directive.
src/utils/betas.ts(1,1): error TS2578: Unused '@ts-expect-error' directive.
src/utils/buildConfig.test.ts(1,1): error TS2578: Unused '@ts-expect-error' directive.
src/utils/bundledMode.ts(18,5): error TS2578: Unused '@ts-expect-error' directive.
src/utils/bundledMode.ts(20,5): error TS2578: Unused '@ts-expect-error' directive.
src/utils/bundledMode.ts(22,5): error TS2578: Unused '@ts-expect-error' directive.
src/utils/classifierApprovals.ts(6,1): error TS2578: Unused '@ts-expect-error' directive.
src/utils/claudemd.ts(29,1): error TS2578: Unused '@ts-expect-error' directive.
src/utils/codexCredentials.test.ts(5,1): error TS2578: Unused '@ts-expect-error' directive.
src/utils/codexCredentials.test.ts(40,5): error TS2578: Unused '@ts-expect-error' directive.
src/utils/codexCredentials.test.ts(41,5): error TS2578: Unused '@ts-expect-error' directive.
src/utils/codexCredentials.test.ts(75,5): error TS2578: Unused '@ts-expect-error' directive.
src/utils/codexCredentials.test.ts(76,5): error TS2578: Unused '@ts-expect-error' directive.
src/utils/codexCredentials.test.ts(171,5): error TS2578: Unused '@ts-expect-error' directive.
src/utils/codexCredentials.test.ts(172,5): error TS2578: Unused '@ts-expect-error' directive.
src/utils/codexCredentials.test.ts(234,5): error TS2578: Unused '@ts-expect-error' directive.
src/utils/codexCredentials.test.ts(235,5): error TS2578: Unused '@ts-expect-error' directive.
src/utils/codexCredentials.test.ts(323,5): error TS2578: Unused '@ts-expect-error' directive.
src/utils/codexCredentials.test.ts(324,5): error TS2578: Unused '@ts-expect-error' directive.
src/utils/codexCredentials.test.ts(422,5): error TS2578: Unused '@ts-expect-error' directive.
src/utils/codexCredentials.test.ts(423,5): error TS2578: Unused '@ts-expect-error' directive.
src/utils/codexCredentials.test.ts(467,5): error TS2578: Unused '@ts-expect-error' directive.
src/utils/codexCredentials.test.ts(468,5): error TS2578: Unused '@ts-expect-error' directive.
src/utils/codexCredentials.test.ts(506,5): error TS2578: Unused '@ts-expect-error' directive.
src/utils/codexCredentials.test.ts(507,5): error TS2578: Unused '@ts-expect-error' directive.
src/utils/codexCredentials.test.ts(553,5): error TS2578: Unused '@ts-expect-error' directive.
src/utils/codexCredentials.test.ts(554,5): error TS2578: Unused '@ts-expect-error' directive.
src/utils/codexCredentials.test.ts(612,5): error TS2578: Unused '@ts-expect-error' directive.
src/utils/codexCredentials.test.ts(613,5): error TS2578: Unused '@ts-expect-error' directive.
src/utils/collapseReadSearch.ts(1,1): error TS2578: Unused '@ts-expect-error' directive.
src/utils/concurrentSessions.ts(1,1): error TS2578: Unused '@ts-expect-error' directive.
src/utils/config.showCacheStats.test.ts(1,1): error TS2578: Unused '@ts-expect-error' directive.
src/utils/config.ts(1,1): error TS2578: Unused '@ts-expect-error' directive.
src/utils/context.test.ts(1,1): error TS2578: Unused '@ts-expect-error' directive.
src/utils/contextPartitioning.test.ts(1,1): error TS2578: Unused '@ts-expect-error' directive.
src/utils/contextPreload.test.ts(1,1): error TS2578: Unused '@ts-expect-error' directive.
src/utils/conversationArc.perf.test.ts(1,1): error TS2578: Unused '@ts-expect-error' directive.
src/utils/conversationArc.test.ts(1,1): error TS2578: Unused '@ts-expect-error' directive.
src/utils/conversationRecovery.hooks.test.ts(6,1): error TS2578: Unused '@ts-expect-error' directive.
src/utils/conversationRecovery.test.ts(1,1): error TS2578: Unused '@ts-expect-error' directive.
src/utils/conversationRecovery.ts(1,1): error TS2578: Unused '@ts-expect-error' directive.
src/utils/dragDropPaths.test.ts(1,1): error TS2578: Unused '@ts-expect-error' directive.
src/utils/dragDropPaths.test.ts(14,3): error TS2578: Unused '@ts-expect-error' directive.
src/utils/duckhiveSearch.test.ts(1,1): error TS2578: Unused '@ts-expect-error' directive.
src/utils/duckhiveUi.test.ts(1,1): error TS2578: Unused '@ts-expect-error' directive.
src/utils/effort.codex.test.ts(1,1): error TS2578: Unused '@ts-expect-error' directive.
src/utils/env.test.ts(1,1): error TS2578: Unused '@ts-expect-error' directive.
src/utils/envDynamic.ts(1,1): error TS2578: Unused '@ts-expect-error' directive.
src/utils/execFileNoThrow.test.ts(1,1): error TS2578: Unused '@ts-expect-error' directive.
src/utils/fastMode.test.ts(1,1): error TS2578: Unused '@ts-expect-error' directive.
src/utils/file.test.ts(1,1): error TS2578: Unused '@ts-expect-error' directive.
src/utils/filePersistence/filePersistence.ts(10,1): error TS2578: Unused '@ts-expect-error' directive.
src/utils/geminiAuth.test.ts(1,1): error TS2578: Unused '@ts-expect-error' directive.
src/utils/geminiAuth.test.ts(10,1): error TS2578: Unused '@ts-expect-error' directive.
src/utils/geminiCredentials.test.ts(1,1): error TS2578: Unused '@ts-expect-error' directive.
src/utils/githubModelsCredentials.hydrate.test.ts(6,1): error TS2578: Unused '@ts-expect-error' directive.
src/utils/githubModelsCredentials.hydrate.test.ts(49,43): error TS2769: No overload matches this call.
  Overload 1 of 2, '(expected: undefined): void', gave the following error.
    Argument of type '"stored-secret"' is not assignable to parameter of type 'undefined'.
  Overload 2 of 2, '(expected: undefined): void', gave the following error.
    Argument of type '"stored-secret"' is not assignable to parameter of type 'undefined'.
src/utils/githubModelsCredentials.refresh.test.ts(1,1): error TS2578: Unused '@ts-expect-error' directive.
src/utils/githubModelsCredentials.test.ts(1,1): error TS2578: Unused '@ts-expect-error' directive.
src/utils/handlePromptSubmit.test.ts(1,1): error TS2578: Unused '@ts-expect-error' directive.
src/utils/hash.ts(20,3): error TS2578: Unused '@ts-expect-error' directive.
src/utils/hash.ts(22,5): error TS2578: Unused '@ts-expect-error' directive.
src/utils/hash.ts(37,3): error TS2578: Unused '@ts-expect-error' directive.
src/utils/hash.ts(39,5): error TS2578: Unused '@ts-expect-error' directive.
src/utils/heapDumpService.ts(285,3): error TS2578: Unused '@ts-expect-error' directive.
src/utils/heapDumpService.ts(298,5): error TS2578: Unused '@ts-expect-error' directive.
src/utils/hookChains.integration.test.ts(1,1): error TS2578: Unused '@ts-expect-error' directive.
src/utils/hookChains.test.ts(1,1): error TS2578: Unused '@ts-expect-error' directive.
src/utils/hooks.ts(13,1): error TS2578: Unused '@ts-expect-error' directive.
src/utils/hooks/skillImprovement.ts(1,1): error TS2578: Unused '@ts-expect-error' directive.
src/utils/hybridContextStrategy.test.ts(1,1): error TS2578: Unused '@ts-expect-error' directive.
src/utils/imagePaste.ts(1,1): error TS2578: Unused '@ts-expect-error' directive.
src/utils/incrementalTokenCounter.test.ts(1,1): error TS2578: Unused '@ts-expect-error' directive.
src/utils/interactivity.test.ts(1,1): error TS2578: Unused '@ts-expect-error' directive.
src/utils/json.ts(95,3): error TS2578: Unused '@ts-expect-error' directive.
src/utils/json.ts(97,3): error TS2578: Unused '@ts-expect-error' directive.
src/utils/knowledgeGraph.test.ts(1,1): error TS2578: Unused '@ts-expect-error' directive.
src/utils/log.ts(1,1): error TS2578: Unused '@ts-expect-error' directive.
src/utils/markdownConfigLoader.ts(1,1): error TS2578: Unused '@ts-expect-error' directive.
src/utils/mcpWebSocketTransport.ts(25,3): error TS2578: Unused '@ts-expect-error' directive.
src/utils/memory/types.ts(1,1): error TS2578: Unused '@ts-expect-error' directive.
src/utils/memoryFileDetection.ts(1,1): error TS2578: Unused '@ts-expect-error' directive.
src/utils/messageQueueManager.ts(1,1): error TS2578: Unused '@ts-expect-error' directive.
src/utils/messages.ts(1,1): error TS2578: Unused '@ts-expect-error' directive.
src/utils/messages/systemInit.ts(1,1): error TS2578: Unused '@ts-expect-error' directive.
src/utils/model/agent.test.ts(1,1): error TS2578: Unused '@ts-expect-error' directive.
src/utils/model/minimaxModels.test.ts(1,1): error TS2578: Unused '@ts-expect-error' directive.
src/utils/model/model.github.test.ts(1,1): error TS2578: Unused '@ts-expect-error' directive.
src/utils/model/model.openai-shim-providers.test.ts(1,1): error TS2578: Unused '@ts-expect-error' directive.
src/utils/model/modelCache.test.ts(1,1): error TS2578: Unused '@ts-expect-error' directive.
src/utils/model/modelOptions.github.test.ts(1,1): error TS2578: Unused '@ts-expect-error' directive.
src/utils/model/modelOptions.github.test.ts(3,1): error TS2578: Unused '@ts-expect-error' directive.
src/utils/model/modelStrings.github.test.ts(1,1): error TS2578: Unused '@ts-expect-error' directive.
src/utils/model/openaiModelDiscovery.test.ts(1,1): error TS2578: Unused '@ts-expect-error' directive.
src/utils/model/providers.test.ts(1,1): error TS2578: Unused '@ts-expect-error' directive.
src/utils/model/routeCatalogOptions.test.ts(1,1): error TS2578: Unused '@ts-expect-error' directive.
src/utils/mtls.ts(133,3): error TS2578: Unused '@ts-expect-error' directive.
src/utils/multiTurnContext.test.ts(1,1): error TS2578: Unused '@ts-expect-error' directive.
src/utils/multiTurnContext.test.ts(75,40): error TS2769: No overload matches this call.
  Overload 1 of 2, '(expected: undefined): void', gave the following error.
    Argument of type '"value"' is not assignable to parameter of type 'undefined'.
  Overload 2 of 2, '(expected: undefined): void', gave the following error.
    Argument of type '"value"' is not assignable to parameter of type 'undefined'.
src/utils/nativeInstaller/download.ts(9,1): error TS2578: Unused '@ts-expect-error' directive.
src/utils/openclaudeInstallSurfaces.test.ts(1,1): error TS2578: Unused '@ts-expect-error' directive.
src/utils/openclaudePaths.test.ts(1,1): error TS2578: Unused '@ts-expect-error' directive.
src/utils/openclaudeUiSurfaces.test.ts(1,1): error TS2578: Unused '@ts-expect-error' directive.
src/utils/permissions/bypassPermissionsKillswitch.ts(1,1): error TS2578: Unused '@ts-expect-error' directive.
src/utils/permissions/classifierDecision.ts(1,1): error TS2578: Unused '@ts-expect-error' directive.
src/utils/permissions/filesystem.ts(1,1): error TS2578: Unused '@ts-expect-error' directive.
src/utils/permissions/getNextPermissionMode.ts(1,1): error TS2578: Unused '@ts-expect-error' directive.
src/utils/permissions/PermissionMode.ts(1,1): error TS2578: Unused '@ts-expect-error' directive.
src/utils/permissions/permissionRuleParser.ts(1,1): error TS2578: Unused '@ts-expect-error' directive.
src/utils/permissions/permissions.ts(1,1): error TS2578: Unused '@ts-expect-error' directive.
src/utils/permissions/permissionSetup.ts(1,1): error TS2578: Unused '@ts-expect-error' directive.
src/utils/permissions/yoloClassifier.test.ts(1,1): error TS2578: Unused '@ts-expect-error' directive.
src/utils/permissions/yoloClassifier.ts(1,1): error TS2578: Unused '@ts-expect-error' directive.
src/utils/plugins/gitEnv.test.ts(1,1): error TS2578: Unused '@ts-expect-error' directive.
src/utils/plugins/lspRecommendation.test.ts(1,1): error TS2578: Unused '@ts-expect-error' directive.
src/utils/plugins/officialMarketplaceStartupCheck.test.ts(1,1): error TS2578: Unused '@ts-expect-error' directive.
src/utils/plugins/pluginLoader.test.ts(1,1): error TS2578: Unused '@ts-expect-error' directive.
src/utils/preflightChecks.tsx(45,11): error TS2578: Unused '@ts-expect-error' directive.
src/utils/preflightChecks.tsx(73,7): error TS2578: Unused '@ts-expect-error' directive.
src/utils/processUserInput/processSlashCommand.tsx(1,1): error TS2578: Unused '@ts-expect-error' directive.
src/utils/processUserInput/processUserInput.ts(1,1): error TS2578: Unused '@ts-expect-error' directive.
src/utils/projectInstructions.test.ts(1,1): error TS2578: Unused '@ts-expect-error' directive.
src/utils/promptShellExecution.test.ts(1,1): error TS2578: Unused '@ts-expect-error' directive.
src/utils/providerAutoDetect.test.ts(1,1): error TS2578: Unused '@ts-expect-error' directive.
src/utils/providerAutoDetect.test.ts(167,23): error TS2352: Conversion of type '() => Promise<Response>' to type 'typeof fetch' may be a mistake because neither type sufficiently overlaps with the other. If this was intentional, convert the expression to 'unknown' first.
  Property 'preconnect' is missing in type '() => Promise<Response>' but required in type 'typeof fetch'.
src/utils/providerAutoDetect.test.ts(195,23): error TS2352: Conversion of type '() => Promise<Response>' to type 'typeof fetch' may be a mistake because neither type sufficiently overlaps with the other. If this was intentional, convert the expression to 'unknown' first.
  Property 'preconnect' is missing in type '() => Promise<Response>' but required in type 'typeof fetch'.
src/utils/providerAutoDetect.test.ts(244,23): error TS2352: Conversion of type '() => Promise<never>' to type 'typeof fetch' may be a mistake because neither type sufficiently overlaps with the other. If this was intentional, convert the expression to 'unknown' first.
  Property 'preconnect' is missing in type '() => Promise<never>' but required in type 'typeof fetch'.
src/utils/providerAutoDetect.test.ts(260,23): error TS2352: Conversion of type '() => Promise<Response>' to type 'typeof fetch' may be a mistake because neither type sufficiently overlaps with the other. If this was intentional, convert the expression to 'unknown' first.
  Property 'preconnect' is missing in type '() => Promise<Response>' but required in type 'typeof fetch'.
src/utils/providerAutoDetect.test.ts(276,23): error TS2352: Conversion of type '() => Promise<Response>' to type 'typeof fetch' may be a mistake because neither type sufficiently overlaps with the other. If this was intentional, convert the expression to 'unknown' first.
  Property 'preconnect' is missing in type '() => Promise<Response>' but required in type 'typeof fetch'.
src/utils/providerAutoDetect.test.ts(288,23): error TS2352: Conversion of type '() => Promise<Response>' to type 'typeof fetch' may be a mistake because neither type sufficiently overlaps with the other. If this was intentional, convert the expression to 'unknown' first.
  Property 'preconnect' is missing in type '() => Promise<Response>' but required in type 'typeof fetch'.
src/utils/providerAutoDetect.test.ts(304,23): error TS2352: Conversion of type '() => Promise<never>' to type 'typeof fetch' may be a mistake because neither type sufficiently overlaps with the other. If this was intentional, convert the expression to 'unknown' first.
  Property 'preconnect' is missing in type '() => Promise<never>' but required in type 'typeof fetch'.
src/utils/providerCustomHeaders.test.ts(1,1): error TS2578: Unused '@ts-expect-error' directive.
src/utils/providerDiscovery.test.ts(1,1): error TS2578: Unused '@ts-expect-error' directive.
src/utils/providerDiscovery.test.ts(5,3): error TS2578: Unused '@ts-expect-error' directive.
src/utils/providerDiscovery.test.ts(6,3): error TS2578: Unused '@ts-expect-error' directive.
src/utils/providerDiscovery.test.ts(23,22): error TS2352: Conversion of type 'Mock<(input: any, init: any) => Promise<Response>>' to type 'typeof fetch' may be a mistake because neither type sufficiently overlaps with the other. If this was intentional, convert the expression to 'unknown' first.
  Property 'preconnect' is missing in type 'Mock<(input: any, init: any) => Promise<Response>>' but required in type 'typeof fetch'.
src/utils/providerDiscovery.test.ts(56,22): error TS2352: Conversion of type 'Mock<() => Promise<Response>>' to type 'typeof fetch' may be a mistake because neither type sufficiently overlaps with the other. If this was intentional, convert the expression to 'unknown' first.
  Property 'preconnect' is missing in type 'Mock<() => Promise<Response>>' but required in type 'typeof fetch'.
src/utils/providerDiscovery.test.ts(108,22): error TS2352: Conversion of type 'Mock<(input: any) => Promise<Response>>' to type 'typeof fetch' may be a mistake because neither type sufficiently overlaps with the other. If this was intentional, convert the expression to 'unknown' first.
  Property 'preconnect' is missing in type 'Mock<(input: any) => Promise<Response>>' but required in type 'typeof fetch'.
src/utils/providerDiscovery.test.ts(132,22): error TS2352: Conversion of type 'Mock<(input: any) => Promise<Response>>' to type 'typeof fetch' may be a mistake because neither type sufficiently overlaps with the other. If this was intentional, convert the expression to 'unknown' first.
  Property 'preconnect' is missing in type 'Mock<(input: any) => Promise<Response>>' but required in type 'typeof fetch'.
src/utils/providerDiscovery.test.ts(161,22): error TS2352: Conversion of type 'Mock<(input: any) => Promise<Response>>' to type 'typeof fetch' may be a mistake because neither type sufficiently overlaps with the other. If this was intentional, convert the expression to 'unknown' first.
  Property 'preconnect' is missing in type 'Mock<(input: any) => Promise<Response>>' but required in type 'typeof fetch'.
src/utils/providerDiscovery.test.ts(194,22): error TS2352: Conversion of type 'Mock<(input: any) => Promise<Response>>' to type 'typeof fetch' may be a mistake because neither type sufficiently overlaps with the other. If this was intentional, convert the expression to 'unknown' first.
  Property 'preconnect' is missing in type 'Mock<(input: any) => Promise<Response>>' but required in type 'typeof fetch'.
src/utils/providerDiscovery.test.ts(227,22): error TS2352: Conversion of type 'Mock<(input: any) => Promise<Response>>' to type 'typeof fetch' may be a mistake because neither type sufficiently overlaps with the other. If this was intentional, convert the expression to 'unknown' first.
  Property 'preconnect' is missing in type 'Mock<(input: any) => Promise<Response>>' but required in type 'typeof fetch'.
src/utils/providerDiscovery.test.ts(265,22): error TS2352: Conversion of type 'Mock<(input: any) => Promise<Response>>' to type 'typeof fetch' may be a mistake because neither type sufficiently overlaps with the other. If this was intentional, convert the expression to 'unknown' first.
  Property 'preconnect' is missing in type 'Mock<(input: any) => Promise<Response>>' but required in type 'typeof fetch'.
src/utils/providerDiscovery.test.ts(309,22): error TS2352: Conversion of type 'Mock<(input: any) => Promise<Response>>' to type 'typeof fetch' may be a mistake because neither type sufficiently overlaps with the other. If this was intentional, convert the expression to 'unknown' first.
  Property 'preconnect' is missing in type 'Mock<(input: any) => Promise<Response>>' but required in type 'typeof fetch'.
src/utils/providerDiscovery.test.ts(325,22): error TS2352: Conversion of type 'Mock<() => Promise<Response>>' to type 'typeof fetch' may be a mistake because neither type sufficiently overlaps with the other. If this was intentional, convert the expression to 'unknown' first.
  Property 'preconnect' is missing in type 'Mock<() => Promise<Response>>' but required in type 'typeof fetch'.
src/utils/providerDiscovery.test.ts(342,22): error TS2352: Conversion of type 'Mock<() => Promise<Response>>' to type 'typeof fetch' may be a mistake because neither type sufficiently overlaps with the other. If this was intentional, convert the expression to 'unknown' first.
  Property 'preconnect' is missing in type 'Mock<() => Promise<Response>>' but required in type 'typeof fetch'.
src/utils/providerFlag.test.ts(1,1): error TS2578: Unused '@ts-expect-error' directive.
src/utils/providerFlag.test.ts(189,46): error TS2769: No overload matches this call.
  Overload 1 of 2, '(expected: undefined): void', gave the following error.
    Argument of type '"http://localhost:11434/v1"' is not assignable to parameter of type 'undefined'.
  Overload 2 of 2, '(expected: undefined): void', gave the following error.
    Argument of type '"http://localhost:11434/v1"' is not assignable to parameter of type 'undefined'.
src/utils/providerFlag.test.ts(190,45): error TS2769: No overload matches this call.
  Overload 1 of 2, '(expected: undefined): void', gave the following error.
    Argument of type '"ollama"' is not assignable to parameter of type 'undefined'.
  Overload 2 of 2, '(expected: undefined): void', gave the following error.
    Argument of type '"ollama"' is not assignable to parameter of type 'undefined'.
src/utils/providerFlag.test.ts(270,46): error TS2769: No overload matches this call.
  Overload 1 of 2, '(expected: undefined): void', gave the following error.
    Argument of type '"http://localhost:11434/v1"' is not assignable to parameter of type 'undefined'.
  Overload 2 of 2, '(expected: undefined): void', gave the following error.
    Argument of type '"http://localhost:11434/v1"' is not assignable to parameter of type 'undefined'.
src/utils/providerFlag.test.ts(271,45): error TS2769: No overload matches this call.
  Overload 1 of 2, '(expected: undefined): void', gave the following error.
    Argument of type '"ollama"' is not assignable to parameter of type 'undefined'.
  Overload 2 of 2, '(expected: undefined): void', gave the following error.
    Argument of type '"ollama"' is not assignable to parameter of type 'undefined'.
src/utils/providerModels.test.ts(1,1): error TS2578: Unused '@ts-expect-error' directive.
src/utils/providerProfiles.test.ts(5,1): error TS2578: Unused '@ts-expect-error' directive.
src/utils/providerStartupOverrides.test.ts(1,1): error TS2578: Unused '@ts-expect-error' directive.
src/utils/providerValidation.test.ts(1,1): error TS2578: Unused '@ts-expect-error' directive.
src/utils/proxy.ts(304,5): error TS2578: Unused '@ts-expect-error' directive.
src/utils/proxy.ts(314,5): error TS2578: Unused '@ts-expect-error' directive.
src/utils/releaseNotes.test.ts(1,1): error TS2578: Unused '@ts-expect-error' directive.
src/utils/relevancePruning.test.ts(1,1): error TS2578: Unused '@ts-expect-error' directive.
src/utils/requestLogging.test.ts(1,1): error TS2578: Unused '@ts-expect-error' directive.
src/utils/ripgrep.test.ts(1,1): error TS2578: Unused '@ts-expect-error' directive.
src/utils/ripgrep.ts(666,7): error TS2578: Unused '@ts-expect-error' directive.
src/utils/schemaSanitizer.test.ts(1,1): error TS2578: Unused '@ts-expect-error' directive.
src/utils/secureStorage/platformStorage.test.ts(2,1): error TS2578: Unused '@ts-expect-error' directive.
src/utils/secureStorage/platformStorage.test.ts(58,19): error TS2493: Tuple type '[]' of length '0' has no element at index '1'.
src/utils/secureStorage/platformStorage.test.ts(58,33): error TS2769: No overload matches this call.
  Overload 1 of 2, '(expected: undefined): void', gave the following error.
    Argument of type 'string' is not assignable to parameter of type 'undefined'.
  Overload 2 of 2, '(expected: undefined): void', gave the following error.
    Argument of type 'string' is not assignable to parameter of type 'undefined'.
src/utils/secureStorage/platformStorage.test.ts(67,22): error TS2532: Object is possibly 'undefined'.
src/utils/secureStorage/platformStorage.test.ts(67,50): error TS2493: Tuple type '[]' of length '0' has no element at index '1'.
src/utils/secureStorage/platformStorage.test.ts(68,51): error TS2493: Tuple type '[]' of length '0' has no element at index '2'.
src/utils/secureStorage/platformStorage.test.ts(71,14): error TS18048: 'options' is possibly 'undefined'.
src/utils/secureStorage/platformStorage.test.ts(90,22): error TS2532: Object is possibly 'undefined'.
src/utils/secureStorage/platformStorage.test.ts(90,50): error TS2493: Tuple type '[]' of length '0' has no element at index '1'.
src/utils/secureStorage/platformStorage.test.ts(91,51): error TS2493: Tuple type '[]' of length '0' has no element at index '2'.
src/utils/secureStorage/platformStorage.test.ts(93,14): error TS18048: 'options' is possibly 'undefined'.
src/utils/secureStorage/platformStorage.test.ts(97,52): error TS2493: Tuple type '[]' of length '0' has no element at index '2'.
src/utils/secureStorage/platformStorage.test.ts(98,14): error TS18048: 'options2' is possibly 'undefined'.
src/utils/secureStorage/platformStorage.test.ts(104,22): error TS2532: Object is possibly 'undefined'.
src/utils/secureStorage/platformStorage.test.ts(104,50): error TS2493: Tuple type '[]' of length '0' has no element at index '1'.
src/utils/secureStorage/platformStorage.test.ts(111,22): error TS2532: Object is possibly 'undefined'.
src/utils/secureStorage/platformStorage.test.ts(111,50): error TS2493: Tuple type '[]' of length '0' has no element at index '1'.
src/utils/secureStorage/platformStorage.test.ts(119,22): error TS2532: Object is possibly 'undefined'.
src/utils/secureStorage/platformStorage.test.ts(119,50): error TS2493: Tuple type '[]' of length '0' has no element at index '1'.
src/utils/secureStorage/platformStorage.test.ts(165,51): error TS2493: Tuple type '[]' of length '0' has no element at index '2'.
src/utils/secureStorage/platformStorage.test.ts(166,14): error TS18048: 'options' is possibly 'undefined'.
src/utils/semver.ts(20,3): error TS2578: Unused '@ts-expect-error' directive.
src/utils/semver.ts(22,5): error TS2578: Unused '@ts-expect-error' directive.
src/utils/semver.ts(29,3): error TS2578: Unused '@ts-expect-error' directive.
src/utils/semver.ts(31,5): error TS2578: Unused '@ts-expect-error' directive.
src/utils/semver.ts(38,3): error TS2578: Unused '@ts-expect-error' directive.
src/utils/semver.ts(40,5): error TS2578: Unused '@ts-expect-error' directive.
src/utils/semver.ts(47,3): error TS2578: Unused '@ts-expect-error' directive.
src/utils/semver.ts(49,5): error TS2578: Unused '@ts-expect-error' directive.
src/utils/semver.ts(56,3): error TS2578: Unused '@ts-expect-error' directive.
src/utils/semver.ts(58,5): error TS2578: Unused '@ts-expect-error' directive.
src/utils/semver.ts(65,3): error TS2578: Unused '@ts-expect-error' directive.
src/utils/semver.ts(67,5): error TS2578: Unused '@ts-expect-error' directive.
src/utils/serializationStability.test.ts(1,1): error TS2578: Unused '@ts-expect-error' directive.
src/utils/sessionFileAccessHooks.ts(6,1): error TS2578: Unused '@ts-expect-error' directive.
src/utils/sessionRestore.ts(1,1): error TS2578: Unused '@ts-expect-error' directive.
src/utils/sessionStorage.test.ts(1,1): error TS2578: Unused '@ts-expect-error' directive.
src/utils/sessionStorage.ts(1,1): error TS2578: Unused '@ts-expect-error' directive.
src/utils/sessionStoragePortable.ts(317,5): error TS2578: Unused '@ts-expect-error' directive.
src/utils/settings/allowBypassPermissionsMode.test.ts(1,1): error TS2578: Unused '@ts-expect-error' directive.
src/utils/settings/settings.ts(1,1): error TS2578: Unused '@ts-expect-error' directive.
src/utils/settings/types.ts(1,1): error TS2578: Unused '@ts-expect-error' directive.
src/utils/shell/bashProvider.ts(1,1): error TS2578: Unused '@ts-expect-error' directive.
src/utils/skills/skillChangeDetector.ts(62,1): error TS2578: Unused '@ts-expect-error' directive.
src/utils/slowOperations.ts(1,1): error TS2578: Unused '@ts-expect-error' directive.
src/utils/stableStringify.test.ts(1,1): error TS2578: Unused '@ts-expect-error' directive.
src/utils/stats.ts(1,1): error TS2578: Unused '@ts-expect-error' directive.
src/utils/statsCache.ts(1,1): error TS2578: Unused '@ts-expect-error' directive.
src/utils/status.test.ts(1,1): error TS2578: Unused '@ts-expect-error' directive.
src/utils/streamingOptimizer.test.ts(1,1): error TS2578: Unused '@ts-expect-error' directive.
src/utils/streamingTokenCounter.test.ts(1,1): error TS2578: Unused '@ts-expect-error' directive.
src/utils/swarm/inProcessRunner.ts(12,1): error TS2578: Unused '@ts-expect-error' directive.
src/utils/swarm/spawnUtils.test.ts(1,1): error TS2578: Unused '@ts-expect-error' directive.
src/utils/swarm/teammateModel.test.ts(1,1): error TS2578: Unused '@ts-expect-error' directive.
src/utils/systemPrompt.ts(1,1): error TS2578: Unused '@ts-expect-error' directive.
src/utils/telemetry/perfettoTracing.ts(25,1): error TS2578: Unused '@ts-expect-error' directive.
src/utils/telemetry/sessionTracing.ts(13,1): error TS2578: Unused '@ts-expect-error' directive.
src/utils/thinking.test.ts(1,1): error TS2578: Unused '@ts-expect-error' directive.
src/utils/thinking.ts(3,1): error TS2578: Unused '@ts-expect-error' directive.
src/utils/thinkingTokenExtractor.test.ts(1,1): error TS2578: Unused '@ts-expect-error' directive.
src/utils/thinkingTokens.test.ts(1,1): error TS2578: Unused '@ts-expect-error' directive.
src/utils/tokenAnalytics.test.ts(1,1): error TS2578: Unused '@ts-expect-error' directive.
src/utils/tokens.test.ts(1,1): error TS2578: Unused '@ts-expect-error' directive.
src/utils/toolErrors.test.ts(1,1): error TS2578: Unused '@ts-expect-error' directive.
src/utils/toolPool.ts(1,1): error TS2578: Unused '@ts-expect-error' directive.
src/utils/toolResultStorage.test.ts(1,1): error TS2578: Unused '@ts-expect-error' directive.
src/utils/truncate.test.ts(1,1): error TS2578: Unused '@ts-expect-error' directive.
src/utils/tuiAutoLaunch.test.ts(1,1): error TS2578: Unused '@ts-expect-error' directive.
src/utils/urlRedaction.test.ts(1,1): error TS2578: Unused '@ts-expect-error' directive.
src/utils/user.test.ts(1,1): error TS2578: Unused '@ts-expect-error' directive.
src/utils/which.ts(59,3): error TS2578: Unused '@ts-expect-error' directive.
src/utils/which.ts(61,5): error TS2578: Unused '@ts-expect-error' directive.
src/utils/worktree.test.ts(1,1): error TS2578: Unused '@ts-expect-error' directive.
src/utils/worktree.ts(1,1): error TS2578: Unused '@ts-expect-error' directive.
src/utils/yaml.ts(10,3): error TS2578: Unused '@ts-expect-error' directive.
src/utils/yaml.ts(12,5): error TS2578: Unused '@ts-expect-error' directive.
src/voice/voiceModeEnabled.ts(1,1): error TS2578: Unused '@ts-expect-error' directive.
